C:\myWorx\Projects\Second Brain\src\backend\.venv\Lib\site-packages\pydantic_settings\sources\utils.py:47: IncompleteFieldDefinitionWarning: Field 'lifespan' has an incomplete definition: its annotation contains an unresolved forward reference, so settings sources may fail to correctly resolve its value. Call `model_rebuild()` on the model where the field is defined, once all the referenced types are defined.
  warnings.warn(
INFO:     Started server process [36060]
INFO:     Waiting for application startup.
StreamableHTTP session manager started
Adding job tentatively -- it will be properly scheduled when the scheduler starts
Added job "run_capture_if_idle" to job store "default"
Scheduler started
INFO:     Application startup complete.
INFO:     Uvicorn running on http://127.0.0.1:8001 (Press CTRL+C to quit)
Exception in callback _ProactorBasePipeTransport._call_connection_lost()
handle: <Handle _ProactorBasePipeTransport._call_connection_lost()>
Traceback (most recent call last):
  File "C:\Users\mahmoud.moussa\AppData\Local\Python\pythoncore-3.14-64\Lib\asyncio\events.py", line 94, in _run
    self._context.run(self._callback, *self._args)
    ~~~~~~~~~~~~~~~~~^^^^^^^^^^^^^^^^^^^^^^^^^^^^^
  File "C:\Users\mahmoud.moussa\AppData\Local\Python\pythoncore-3.14-64\Lib\asyncio\proactor_events.py", line 165, in _call_connection_lost
    self._sock.shutdown(socket.SHUT_RDWR)
    ~~~~~~~~~~~~~~~~~~~^^^^^^^^^^^^^^^^^^
ConnectionResetError: [WinError 10054] An existing connection was forcibly closed by the remote host
Exception in callback _ProactorBasePipeTransport._call_connection_lost()
handle: <Handle _ProactorBasePipeTransport._call_connection_lost()>
Traceback (most recent call last):
  File "C:\Users\mahmoud.moussa\AppData\Local\Python\pythoncore-3.14-64\Lib\asyncio\events.py", line 94, in _run
    self._context.run(self._callback, *self._args)
    ~~~~~~~~~~~~~~~~~^^^^^^^^^^^^^^^^^^^^^^^^^^^^^
  File "C:\Users\mahmoud.moussa\AppData\Local\Python\pythoncore-3.14-64\Lib\asyncio\proactor_events.py", line 165, in _call_connection_lost
    self._sock.shutdown(socket.SHUT_RDWR)
    ~~~~~~~~~~~~~~~~~~~^^^^^^^^^^^^^^^^^^
ConnectionResetError: [WinError 10054] An existing connection was forcibly closed by the remote host
HTTP Request: POST https://api.core42.ai/v1/chat/completions "HTTP/1.1 200 OK"
HTTP Request: POST https://api.core42.ai/v1/chat/completions "HTTP/1.1 200 OK"
HTTP Request: POST https://api.core42.ai/v1/chat/completions "HTTP/1.1 200 OK"
HTTP Request: POST https://api.core42.ai/v1/chat/completions "HTTP/1.1 200 OK"
HTTP Request: POST https://api.core42.ai/v1/chat/completions "HTTP/1.1 200 OK"
HTTP Request: POST https://api.core42.ai/v1/chat/completions "HTTP/1.1 200 OK"
HTTP Request: POST https://api.core42.ai/v1/chat/completions "HTTP/1.1 200 OK"
HTTP Request: POST https://api.core42.ai/v1/chat/completions "HTTP/1.1 200 OK"
HTTP Request: POST https://api.core42.ai/v1/chat/completions "HTTP/1.1 200 OK"
HTTP Request: POST https://api.core42.ai/v1/chat/completions "HTTP/1.1 200 OK"
HTTP Request: POST https://api.core42.ai/v1/chat/completions "HTTP/1.1 200 OK"
HTTP Request: POST https://api.core42.ai/v1/chat/completions "HTTP/1.1 200 OK"
HTTP Request: POST https://api.core42.ai/v1/chat/completions "HTTP/1.1 200 OK"
HTTP Request: POST https://api.core42.ai/v1/chat/completions "HTTP/1.1 200 OK"
HTTP Request: POST https://api.core42.ai/v1/chat/completions "HTTP/1.1 200 OK"
HTTP Request: POST https://api.core42.ai/v1/chat/completions "HTTP/1.1 200 OK"
HTTP Request: POST https://api.core42.ai/v1/chat/completions "HTTP/1.1 200 OK"
HTTP Request: POST https://api.core42.ai/v1/chat/completions "HTTP/1.1 200 OK"
HTTP Request: POST https://api.core42.ai/v1/chat/completions "HTTP/1.1 200 OK"
HTTP Request: POST https://api.core42.ai/v1/chat/completions "HTTP/1.1 200 OK"
HTTP Request: POST https://api.core42.ai/v1/chat/completions "HTTP/1.1 200 OK"
HTTP Request: POST https://api.core42.ai/v1/chat/completions "HTTP/1.1 200 OK"
HTTP Request: POST https://api.core42.ai/v1/chat/completions "HTTP/1.1 200 OK"
HTTP Request: POST https://api.core42.ai/v1/chat/completions "HTTP/1.1 200 OK"
HTTP Request: POST https://api.core42.ai/v1/chat/completions "HTTP/1.1 200 OK"
HTTP Request: POST https://api.core42.ai/v1/chat/completions "HTTP/1.1 200 OK"
HTTP Request: POST https://api.core42.ai/v1/chat/completions "HTTP/1.1 200 OK"
HTTP Request: POST https://api.core42.ai/v1/chat/completions "HTTP/1.1 200 OK"
HTTP Request: POST https://api.core42.ai/v1/chat/completions "HTTP/1.1 200 OK"
HTTP Request: POST https://api.core42.ai/v1/chat/completions "HTTP/1.1 200 OK"
HTTP Request: POST https://api.core42.ai/v1/chat/completions "HTTP/1.1 200 OK"
HTTP Request: POST https://api.core42.ai/v1/chat/completions "HTTP/1.1 200 OK"
HTTP Request: POST https://api.core42.ai/v1/chat/completions "HTTP/1.1 200 OK"
HTTP Request: POST https://api.core42.ai/v1/chat/completions "HTTP/1.1 200 OK"
HTTP Request: POST https://api.core42.ai/v1/chat/completions "HTTP/1.1 200 OK"
HTTP Request: POST https://api.core42.ai/v1/chat/completions "HTTP/1.1 200 OK"
HTTP Request: POST https://api.core42.ai/v1/chat/completions "HTTP/1.1 200 OK"
HTTP Request: POST https://api.core42.ai/v1/chat/completions "HTTP/1.1 200 OK"
HTTP Request: POST https://api.core42.ai/v1/chat/completions "HTTP/1.1 200 OK"
HTTP Request: POST https://api.core42.ai/v1/chat/completions "HTTP/1.1 200 OK"
HTTP Request: POST https://api.core42.ai/v1/chat/completions "HTTP/1.1 200 OK"
HTTP Request: POST https://api.core42.ai/v1/chat/completions "HTTP/1.1 200 OK"
HTTP Request: POST https://api.core42.ai/v1/chat/completions "HTTP/1.1 200 OK"
HTTP Request: POST https://api.core42.ai/v1/chat/completions "HTTP/1.1 200 OK"
HTTP Request: POST https://api.core42.ai/v1/chat/completions "HTTP/1.1 200 OK"
HTTP Request: POST https://api.core42.ai/v1/chat/completions "HTTP/1.1 200 OK"
HTTP Request: POST https://api.core42.ai/v1/chat/completions "HTTP/1.1 200 OK"
HTTP Request: POST https://api.core42.ai/v1/chat/completions "HTTP/1.1 200 OK"
HTTP Request: POST https://api.core42.ai/v1/chat/completions "HTTP/1.1 200 OK"
HTTP Request: POST https://api.core42.ai/v1/chat/completions "HTTP/1.1 200 OK"
HTTP Request: POST https://api.core42.ai/v1/chat/completions "HTTP/1.1 200 OK"
HTTP Request: POST https://api.core42.ai/v1/chat/completions "HTTP/1.1 200 OK"
HTTP Request: POST https://api.core42.ai/v1/chat/completions "HTTP/1.1 200 OK"
HTTP Request: POST https://api.core42.ai/v1/chat/completions "HTTP/1.1 200 OK"
HTTP Request: POST https://api.core42.ai/v1/chat/completions "HTTP/1.1 200 OK"
HTTP Request: POST https://api.core42.ai/v1/chat/completions "HTTP/1.1 200 OK"
HTTP Request: POST https://api.core42.ai/v1/chat/completions "HTTP/1.1 200 OK"
HTTP Request: POST https://api.core42.ai/v1/chat/completions "HTTP/1.1 200 OK"
HTTP Request: POST https://api.core42.ai/v1/chat/completions "HTTP/1.1 200 OK"
HTTP Request: POST https://api.core42.ai/v1/chat/completions "HTTP/1.1 200 OK"
HTTP Request: POST https://api.core42.ai/v1/chat/completions "HTTP/1.1 200 OK"
HTTP Request: POST https://api.core42.ai/v1/chat/completions "HTTP/1.1 200 OK"
HTTP Request: POST https://api.core42.ai/v1/chat/completions "HTTP/1.1 200 OK"
HTTP Request: POST https://api.core42.ai/v1/chat/completions "HTTP/1.1 200 OK"
HTTP Request: POST https://api.core42.ai/v1/chat/completions "HTTP/1.1 200 OK"
HTTP Request: POST https://api.core42.ai/v1/chat/completions "HTTP/1.1 200 OK"
HTTP Request: POST https://api.core42.ai/v1/chat/completions "HTTP/1.1 200 OK"
HTTP Request: POST https://api.core42.ai/v1/chat/completions "HTTP/1.1 200 OK"
HTTP Request: POST https://api.core42.ai/v1/chat/completions "HTTP/1.1 200 OK"
HTTP Request: POST https://api.core42.ai/v1/chat/completions "HTTP/1.1 200 OK"
HTTP Request: POST https://api.core42.ai/v1/chat/completions "HTTP/1.1 200 OK"
HTTP Request: POST https://api.core42.ai/v1/chat/completions "HTTP/1.1 200 OK"
HTTP Request: POST https://api.core42.ai/v1/chat/completions "HTTP/1.1 200 OK"
HTTP Request: POST https://api.core42.ai/v1/chat/completions "HTTP/1.1 200 OK"
HTTP Request: POST https://api.core42.ai/v1/chat/completions "HTTP/1.1 200 OK"
HTTP Request: POST https://api.core42.ai/v1/chat/completions "HTTP/1.1 200 OK"
HTTP Request: POST https://api.core42.ai/v1/chat/completions "HTTP/1.1 200 OK"
HTTP Request: POST https://api.core42.ai/v1/chat/completions "HTTP/1.1 200 OK"
HTTP Request: POST https://api.core42.ai/v1/chat/completions "HTTP/1.1 200 OK"
HTTP Request: POST https://api.core42.ai/v1/chat/completions "HTTP/1.1 200 OK"
HTTP Request: POST https://api.core42.ai/v1/chat/completions "HTTP/1.1 200 OK"
HTTP Request: POST https://api.core42.ai/v1/chat/completions "HTTP/1.1 200 OK"
HTTP Request: POST https://api.core42.ai/v1/chat/completions "HTTP/1.1 200 OK"
HTTP Request: POST https://api.core42.ai/v1/chat/completions "HTTP/1.1 200 OK"
HTTP Request: POST https://api.core42.ai/v1/chat/completions "HTTP/1.1 200 OK"
HTTP Request: POST https://api.core42.ai/v1/chat/completions "HTTP/1.1 200 OK"
HTTP Request: POST https://api.core42.ai/v1/chat/completions "HTTP/1.1 200 OK"
HTTP Request: POST https://api.core42.ai/v1/chat/completions "HTTP/1.1 200 OK"
HTTP Request: POST https://api.core42.ai/v1/chat/completions "HTTP/1.1 200 OK"
HTTP Request: POST https://api.core42.ai/v1/chat/completions "HTTP/1.1 200 OK"
HTTP Request: POST https://api.core42.ai/v1/chat/completions "HTTP/1.1 200 OK"
HTTP Request: POST https://api.core42.ai/v1/chat/completions "HTTP/1.1 200 OK"
HTTP Request: POST https://api.core42.ai/v1/chat/completions "HTTP/1.1 200 OK"
HTTP Request: POST https://api.core42.ai/v1/chat/completions "HTTP/1.1 200 OK"
HTTP Request: POST https://api.core42.ai/v1/chat/completions "HTTP/1.1 200 OK"
HTTP Request: POST https://api.core42.ai/v1/chat/completions "HTTP/1.1 200 OK"
HTTP Request: POST https://api.core42.ai/v1/chat/completions "HTTP/1.1 200 OK"
HTTP Request: POST https://api.core42.ai/v1/chat/completions "HTTP/1.1 200 OK"
HTTP Request: POST https://api.core42.ai/v1/chat/completions "HTTP/1.1 200 OK"
HTTP Request: POST https://api.core42.ai/v1/chat/completions "HTTP/1.1 200 OK"
Running job "run_capture_if_idle (trigger: interval[1:00:00], next run at: 2026-08-14 05:07:16 +04)" (scheduled at 2026-08-14 04:07:16.475453+04:00)
HTTP Request: POST https://api.core42.ai/v1/chat/completions "HTTP/1.1 200 OK"
HTTP Request: POST https://api.core42.ai/v1/chat/completions "HTTP/1.1 200 OK"
HTTP Request: POST https://api.core42.ai/v1/chat/completions "HTTP/1.1 200 OK"
HTTP Request: POST https://api.core42.ai/v1/chat/completions "HTTP/1.1 200 OK"
HTTP Request: POST https://api.core42.ai/v1/chat/completions "HTTP/1.1 200 OK"
HTTP Request: POST https://api.core42.ai/v1/chat/completions "HTTP/1.1 200 OK"
HTTP Request: POST https://api.core42.ai/v1/chat/completions "HTTP/1.1 200 OK"
HTTP Request: POST https://api.core42.ai/v1/chat/completions "HTTP/1.1 200 OK"
HTTP Request: POST https://api.core42.ai/v1/chat/completions "HTTP/1.1 200 OK"
HTTP Request: POST https://api.core42.ai/v1/chat/completions "HTTP/1.1 200 OK"
HTTP Request: POST https://api.core42.ai/v1/chat/completions "HTTP/1.1 200 OK"
HTTP Request: POST https://api.core42.ai/v1/chat/completions "HTTP/1.1 200 OK"
HTTP Request: POST https://api.core42.ai/v1/chat/completions "HTTP/1.1 200 OK"
HTTP Request: POST https://api.core42.ai/v1/chat/completions "HTTP/1.1 200 OK"
HTTP Request: POST https://api.core42.ai/v1/chat/completions "HTTP/1.1 200 OK"
HTTP Request: POST https://api.core42.ai/v1/chat/completions "HTTP/1.1 200 OK"
HTTP Request: POST https://api.core42.ai/v1/chat/completions "HTTP/1.1 200 OK"
HTTP Request: POST https://api.core42.ai/v1/chat/completions "HTTP/1.1 200 OK"
HTTP Request: POST https://api.core42.ai/v1/chat/completions "HTTP/1.1 200 OK"
HTTP Request: POST https://api.core42.ai/v1/chat/completions "HTTP/1.1 200 OK"
HTTP Request: POST https://api.core42.ai/v1/chat/completions "HTTP/1.1 200 OK"
HTTP Request: POST https://api.core42.ai/v1/chat/completions "HTTP/1.1 200 OK"
HTTP Request: POST https://api.core42.ai/v1/chat/completions "HTTP/1.1 200 OK"
HTTP Request: POST https://api.core42.ai/v1/chat/completions "HTTP/1.1 200 OK"
HTTP Request: POST https://api.core42.ai/v1/chat/completions "HTTP/1.1 200 OK"
HTTP Request: POST https://api.core42.ai/v1/chat/completions "HTTP/1.1 200 OK"
HTTP Request: POST https://api.core42.ai/v1/chat/completions "HTTP/1.1 200 OK"
HTTP Request: POST https://api.core42.ai/v1/chat/completions "HTTP/1.1 200 OK"
HTTP Request: POST https://api.core42.ai/v1/chat/completions "HTTP/1.1 200 OK"
HTTP Request: POST https://api.core42.ai/v1/chat/completions "HTTP/1.1 200 OK"
HTTP Request: POST https://api.core42.ai/v1/chat/completions "HTTP/1.1 200 OK"
HTTP Request: POST https://api.core42.ai/v1/chat/completions "HTTP/1.1 200 OK"
HTTP Request: POST https://api.core42.ai/v1/chat/completions "HTTP/1.1 200 OK"
HTTP Request: POST https://api.core42.ai/v1/chat/completions "HTTP/1.1 200 OK"
HTTP Request: POST https://api.core42.ai/v1/chat/completions "HTTP/1.1 200 OK"
HTTP Request: POST https://api.core42.ai/v1/chat/completions "HTTP/1.1 200 OK"
HTTP Request: POST https://api.core42.ai/v1/chat/completions "HTTP/1.1 200 OK"
HTTP Request: POST https://api.core42.ai/v1/chat/completions "HTTP/1.1 200 OK"
HTTP Request: POST https://api.core42.ai/v1/chat/completions "HTTP/1.1 200 OK"
HTTP Request: POST https://api.core42.ai/v1/chat/completions "HTTP/1.1 200 OK"
HTTP Request: POST https://api.core42.ai/v1/chat/completions "HTTP/1.1 200 OK"
HTTP Request: POST https://api.core42.ai/v1/chat/completions "HTTP/1.1 200 OK"
HTTP Request: POST https://api.core42.ai/v1/chat/completions "HTTP/1.1 200 OK"
HTTP Request: POST https://api.core42.ai/v1/chat/completions "HTTP/1.1 200 OK"
HTTP Request: POST https://api.core42.ai/v1/chat/completions "HTTP/1.1 200 OK"
HTTP Request: POST https://api.core42.ai/v1/chat/completions "HTTP/1.1 200 OK"
HTTP Request: POST https://api.core42.ai/v1/chat/completions "HTTP/1.1 200 OK"
HTTP Request: POST https://api.core42.ai/v1/chat/completions "HTTP/1.1 200 OK"
HTTP Request: POST https://api.core42.ai/v1/chat/completions "HTTP/1.1 200 OK"
HTTP Request: POST https://api.core42.ai/v1/chat/completions "HTTP/1.1 200 OK"
HTTP Request: POST https://api.core42.ai/v1/chat/completions "HTTP/1.1 200 OK"
HTTP Request: POST https://api.core42.ai/v1/chat/completions "HTTP/1.1 200 OK"
HTTP Request: POST https://api.core42.ai/v1/chat/completions "HTTP/1.1 200 OK"
HTTP Request: POST https://api.core42.ai/v1/chat/completions "HTTP/1.1 200 OK"
HTTP Request: POST https://api.core42.ai/v1/chat/completions "HTTP/1.1 200 OK"
HTTP Request: POST https://api.core42.ai/v1/chat/completions "HTTP/1.1 200 OK"
HTTP Request: POST https://api.core42.ai/v1/chat/completions "HTTP/1.1 200 OK"
HTTP Request: POST https://api.core42.ai/v1/chat/completions "HTTP/1.1 200 OK"
HTTP Request: POST https://api.core42.ai/v1/chat/completions "HTTP/1.1 200 OK"
HTTP Request: POST https://api.core42.ai/v1/chat/completions "HTTP/1.1 200 OK"
HTTP Request: POST https://api.core42.ai/v1/chat/completions "HTTP/1.1 200 OK"
HTTP Request: POST https://api.core42.ai/v1/chat/completions "HTTP/1.1 200 OK"
HTTP Request: POST https://api.core42.ai/v1/chat/completions "HTTP/1.1 200 OK"
HTTP Request: POST https://api.core42.ai/v1/chat/completions "HTTP/1.1 200 OK"
HTTP Request: POST https://api.core42.ai/v1/chat/completions "HTTP/1.1 200 OK"
HTTP Request: POST https://api.core42.ai/v1/chat/completions "HTTP/1.1 200 OK"
HTTP Request: POST https://api.core42.ai/v1/chat/completions "HTTP/1.1 200 OK"
HTTP Request: POST https://api.core42.ai/v1/chat/completions "HTTP/1.1 200 OK"
HTTP Request: POST https://api.core42.ai/v1/chat/completions "HTTP/1.1 200 OK"
HTTP Request: POST https://api.core42.ai/v1/chat/completions "HTTP/1.1 200 OK"
HTTP Request: POST https://api.core42.ai/v1/chat/completions "HTTP/1.1 200 OK"
HTTP Request: POST https://api.core42.ai/v1/chat/completions "HTTP/1.1 200 OK"
HTTP Request: POST https://api.core42.ai/v1/chat/completions "HTTP/1.1 200 OK"
HTTP Request: POST https://api.core42.ai/v1/chat/completions "HTTP/1.1 200 OK"
HTTP Request: POST https://api.core42.ai/v1/chat/completions "HTTP/1.1 200 OK"
HTTP Request: POST https://api.core42.ai/v1/chat/completions "HTTP/1.1 200 OK"
HTTP Request: POST https://api.core42.ai/v1/chat/completions "HTTP/1.1 200 OK"
HTTP Request: POST https://api.core42.ai/v1/chat/completions "HTTP/1.1 200 OK"
HTTP Request: POST https://api.core42.ai/v1/chat/completions "HTTP/1.1 200 OK"
HTTP Request: POST https://api.core42.ai/v1/chat/completions "HTTP/1.1 200 OK"
HTTP Request: POST https://api.core42.ai/v1/chat/completions "HTTP/1.1 200 OK"
HTTP Request: POST https://api.core42.ai/v1/chat/completions "HTTP/1.1 200 OK"
HTTP Request: POST https://api.core42.ai/v1/chat/completions "HTTP/1.1 200 OK"
HTTP Request: POST https://api.core42.ai/v1/chat/completions "HTTP/1.1 200 OK"
HTTP Request: POST https://api.core42.ai/v1/chat/completions "HTTP/1.1 200 OK"
HTTP Request: POST https://api.core42.ai/v1/chat/completions "HTTP/1.1 200 OK"
HTTP Request: POST https://api.core42.ai/v1/chat/completions "HTTP/1.1 200 OK"
HTTP Request: POST https://api.core42.ai/v1/chat/completions "HTTP/1.1 200 OK"
HTTP Request: POST https://api.core42.ai/v1/chat/completions "HTTP/1.1 200 OK"
HTTP Request: POST https://api.core42.ai/v1/chat/completions "HTTP/1.1 200 OK"
HTTP Request: POST https://api.core42.ai/v1/chat/completions "HTTP/1.1 200 OK"
HTTP Request: POST https://api.core42.ai/v1/chat/completions "HTTP/1.1 200 OK"
HTTP Request: POST https://api.core42.ai/v1/chat/completions "HTTP/1.1 200 OK"
HTTP Request: POST https://api.core42.ai/v1/chat/completions "HTTP/1.1 200 OK"
HTTP Request: POST https://api.core42.ai/v1/chat/completions "HTTP/1.1 200 OK"
HTTP Request: POST https://api.core42.ai/v1/chat/completions "HTTP/1.1 200 OK"
HTTP Request: POST https://api.core42.ai/v1/chat/completions "HTTP/1.1 200 OK"
HTTP Request: POST https://api.core42.ai/v1/chat/completions "HTTP/1.1 200 OK"
HTTP Request: POST https://api.core42.ai/v1/chat/completions "HTTP/1.1 200 OK"
HTTP Request: POST https://api.core42.ai/v1/chat/completions "HTTP/1.1 200 OK"
Job "run_capture_if_idle (trigger: interval[1:00:00], next run at: 2026-08-14 05:07:16 +04)" executed successfully
Running job "run_capture_if_idle (trigger: interval[1:00:00], next run at: 2026-08-14 06:07:16 +04)" (scheduled at 2026-08-14 05:07:16.475453+04:00)
HTTP Request: POST https://api.core42.ai/v1/chat/completions "HTTP/1.1 200 OK"
HTTP Request: POST https://api.core42.ai/v1/chat/completions "HTTP/1.1 200 OK"
HTTP Request: POST https://api.core42.ai/v1/chat/completions "HTTP/1.1 200 OK"
HTTP Request: POST https://api.core42.ai/v1/chat/completions "HTTP/1.1 200 OK"
HTTP Request: POST https://api.core42.ai/v1/chat/completions "HTTP/1.1 200 OK"
HTTP Request: POST https://api.core42.ai/v1/chat/completions "HTTP/1.1 200 OK"
HTTP Request: POST https://api.core42.ai/v1/chat/completions "HTTP/1.1 200 OK"
HTTP Request: POST https://api.core42.ai/v1/chat/completions "HTTP/1.1 200 OK"
HTTP Request: POST https://api.core42.ai/v1/chat/completions "HTTP/1.1 200 OK"
HTTP Request: POST https://api.core42.ai/v1/chat/completions "HTTP/1.1 200 OK"
HTTP Request: POST https://api.core42.ai/v1/chat/completions "HTTP/1.1 200 OK"
HTTP Request: POST https://api.core42.ai/v1/chat/completions "HTTP/1.1 200 OK"
HTTP Request: POST https://api.core42.ai/v1/chat/completions "HTTP/1.1 200 OK"
HTTP Request: POST https://api.core42.ai/v1/chat/completions "HTTP/1.1 200 OK"
HTTP Request: POST https://api.core42.ai/v1/chat/completions "HTTP/1.1 200 OK"
HTTP Request: POST https://api.core42.ai/v1/chat/completions "HTTP/1.1 200 OK"
HTTP Request: POST https://api.core42.ai/v1/chat/completions "HTTP/1.1 200 OK"
HTTP Request: POST https://api.core42.ai/v1/chat/completions "HTTP/1.1 200 OK"
HTTP Request: POST https://api.core42.ai/v1/chat/completions "HTTP/1.1 200 OK"
HTTP Request: POST https://api.core42.ai/v1/chat/completions "HTTP/1.1 200 OK"
HTTP Request: POST https://api.core42.ai/v1/chat/completions "HTTP/1.1 200 OK"
HTTP Request: POST https://api.core42.ai/v1/chat/completions "HTTP/1.1 200 OK"
HTTP Request: POST https://api.core42.ai/v1/chat/completions "HTTP/1.1 200 OK"
HTTP Request: POST https://api.core42.ai/v1/chat/completions "HTTP/1.1 200 OK"
HTTP Request: POST https://api.core42.ai/v1/chat/completions "HTTP/1.1 200 OK"
HTTP Request: POST https://api.core42.ai/v1/chat/completions "HTTP/1.1 200 OK"
HTTP Request: POST https://api.core42.ai/v1/chat/completions "HTTP/1.1 200 OK"
HTTP Request: POST https://api.core42.ai/v1/chat/completions "HTTP/1.1 200 OK"
HTTP Request: POST https://api.core42.ai/v1/chat/completions "HTTP/1.1 200 OK"
HTTP Request: POST https://api.core42.ai/v1/chat/completions "HTTP/1.1 200 OK"
HTTP Request: POST https://api.core42.ai/v1/chat/completions "HTTP/1.1 200 OK"
HTTP Request: POST https://api.core42.ai/v1/chat/completions "HTTP/1.1 200 OK"
HTTP Request: POST https://api.core42.ai/v1/chat/completions "HTTP/1.1 200 OK"
HTTP Request: POST https://api.core42.ai/v1/chat/completions "HTTP/1.1 200 OK"
HTTP Request: POST https://api.core42.ai/v1/chat/completions "HTTP/1.1 200 OK"
HTTP Request: POST https://api.core42.ai/v1/chat/completions "HTTP/1.1 200 OK"
HTTP Request: POST https://api.core42.ai/v1/chat/completions "HTTP/1.1 200 OK"
HTTP Request: POST https://api.core42.ai/v1/chat/completions "HTTP/1.1 200 OK"
HTTP Request: POST https://api.core42.ai/v1/chat/completions "HTTP/1.1 200 OK"
HTTP Request: POST https://api.core42.ai/v1/chat/completions "HTTP/1.1 200 OK"
HTTP Request: POST https://api.core42.ai/v1/chat/completions "HTTP/1.1 200 OK"
HTTP Request: POST https://api.core42.ai/v1/chat/completions "HTTP/1.1 200 OK"
HTTP Request: POST https://api.core42.ai/v1/chat/completions "HTTP/1.1 200 OK"
HTTP Request: POST https://api.core42.ai/v1/chat/completions "HTTP/1.1 200 OK"
HTTP Request: POST https://api.core42.ai/v1/chat/completions "HTTP/1.1 200 OK"
HTTP Request: POST https://api.core42.ai/v1/chat/completions "HTTP/1.1 200 OK"
HTTP Request: POST https://api.core42.ai/v1/chat/completions "HTTP/1.1 200 OK"
HTTP Request: POST https://api.core42.ai/v1/chat/completions "HTTP/1.1 200 OK"
HTTP Request: POST https://api.core42.ai/v1/chat/completions "HTTP/1.1 200 OK"
HTTP Request: POST https://api.core42.ai/v1/chat/completions "HTTP/1.1 200 OK"
HTTP Request: POST https://api.core42.ai/v1/chat/completions "HTTP/1.1 200 OK"
HTTP Request: POST https://api.core42.ai/v1/chat/completions "HTTP/1.1 200 OK"
HTTP Request: POST https://api.core42.ai/v1/chat/completions "HTTP/1.1 200 OK"
HTTP Request: POST https://api.core42.ai/v1/chat/completions "HTTP/1.1 200 OK"
HTTP Request: POST https://api.core42.ai/v1/chat/completions "HTTP/1.1 200 OK"
HTTP Request: POST https://api.core42.ai/v1/chat/completions "HTTP/1.1 200 OK"
HTTP Request: POST https://api.core42.ai/v1/chat/completions "HTTP/1.1 200 OK"
HTTP Request: POST https://api.core42.ai/v1/chat/completions "HTTP/1.1 200 OK"
HTTP Request: POST https://api.core42.ai/v1/chat/completions "HTTP/1.1 200 OK"
HTTP Request: POST https://api.core42.ai/v1/chat/completions "HTTP/1.1 200 OK"
HTTP Request: POST https://api.core42.ai/v1/chat/completions "HTTP/1.1 200 OK"
HTTP Request: POST https://api.core42.ai/v1/chat/completions "HTTP/1.1 200 OK"
HTTP Request: POST https://api.core42.ai/v1/chat/completions "HTTP/1.1 200 OK"
HTTP Request: POST https://api.core42.ai/v1/chat/completions "HTTP/1.1 200 OK"
HTTP Request: POST https://api.core42.ai/v1/chat/completions "HTTP/1.1 200 OK"
HTTP Request: POST https://api.core42.ai/v1/chat/completions "HTTP/1.1 200 OK"
HTTP Request: POST https://api.core42.ai/v1/chat/completions "HTTP/1.1 200 OK"
HTTP Request: POST https://api.core42.ai/v1/chat/completions "HTTP/1.1 200 OK"
HTTP Request: POST https://api.core42.ai/v1/chat/completions "HTTP/1.1 200 OK"
HTTP Request: POST https://api.core42.ai/v1/chat/completions "HTTP/1.1 200 OK"
HTTP Request: POST https://api.core42.ai/v1/chat/completions "HTTP/1.1 200 OK"
HTTP Request: POST https://api.core42.ai/v1/chat/completions "HTTP/1.1 200 OK"
HTTP Request: POST https://api.core42.ai/v1/chat/completions "HTTP/1.1 200 OK"
HTTP Request: POST https://api.core42.ai/v1/chat/completions "HTTP/1.1 200 OK"
HTTP Request: POST https://api.core42.ai/v1/chat/completions "HTTP/1.1 200 OK"
HTTP Request: POST https://api.core42.ai/v1/chat/completions "HTTP/1.1 200 OK"
HTTP Request: POST https://api.core42.ai/v1/chat/completions "HTTP/1.1 200 OK"
HTTP Request: POST https://api.core42.ai/v1/chat/completions "HTTP/1.1 200 OK"
HTTP Request: POST https://api.core42.ai/v1/chat/completions "HTTP/1.1 200 OK"
HTTP Request: POST https://api.core42.ai/v1/chat/completions "HTTP/1.1 200 OK"
HTTP Request: POST https://api.core42.ai/v1/chat/completions "HTTP/1.1 200 OK"
HTTP Request: POST https://api.core42.ai/v1/chat/completions "HTTP/1.1 200 OK"
HTTP Request: POST https://api.core42.ai/v1/chat/completions "HTTP/1.1 200 OK"
HTTP Request: POST https://api.core42.ai/v1/chat/completions "HTTP/1.1 200 OK"
HTTP Request: POST https://api.core42.ai/v1/chat/completions "HTTP/1.1 200 OK"
HTTP Request: POST https://api.core42.ai/v1/chat/completions "HTTP/1.1 200 OK"
HTTP Request: POST https://api.core42.ai/v1/chat/completions "HTTP/1.1 200 OK"
HTTP Request: POST https://api.core42.ai/v1/chat/completions "HTTP/1.1 200 OK"
HTTP Request: POST https://api.core42.ai/v1/chat/completions "HTTP/1.1 200 OK"
HTTP Request: POST https://api.core42.ai/v1/chat/completions "HTTP/1.1 200 OK"
HTTP Request: POST https://api.core42.ai/v1/chat/completions "HTTP/1.1 200 OK"
HTTP Request: POST https://api.core42.ai/v1/chat/completions "HTTP/1.1 200 OK"
HTTP Request: POST https://api.core42.ai/v1/chat/completions "HTTP/1.1 200 OK"
HTTP Request: POST https://api.core42.ai/v1/chat/completions "HTTP/1.1 200 OK"
HTTP Request: POST https://api.core42.ai/v1/chat/completions "HTTP/1.1 200 OK"
HTTP Request: POST https://api.core42.ai/v1/chat/completions "HTTP/1.1 200 OK"
HTTP Request: POST https://api.core42.ai/v1/chat/completions "HTTP/1.1 200 OK"
HTTP Request: POST https://api.core42.ai/v1/chat/completions "HTTP/1.1 200 OK"
HTTP Request: POST https://api.core42.ai/v1/chat/completions "HTTP/1.1 200 OK"
HTTP Request: POST https://api.core42.ai/v1/chat/completions "HTTP/1.1 200 OK"
Job "run_capture_if_idle (trigger: interval[1:00:00], next run at: 2026-08-14 06:07:16 +04)" executed successfully
Running job "run_capture_if_idle (trigger: interval[1:00:00], next run at: 2026-08-14 07:07:16 +04)" (scheduled at 2026-08-14 06:07:16.475453+04:00)
HTTP Request: POST https://api.core42.ai/v1/chat/completions "HTTP/1.1 200 OK"
HTTP Request: POST https://api.core42.ai/v1/chat/completions "HTTP/1.1 200 OK"
HTTP Request: POST https://api.core42.ai/v1/chat/completions "HTTP/1.1 200 OK"
HTTP Request: POST https://api.core42.ai/v1/chat/completions "HTTP/1.1 200 OK"
HTTP Request: POST https://api.core42.ai/v1/chat/completions "HTTP/1.1 200 OK"
HTTP Request: POST https://api.core42.ai/v1/chat/completions "HTTP/1.1 200 OK"
HTTP Request: POST https://api.core42.ai/v1/chat/completions "HTTP/1.1 200 OK"
HTTP Request: POST https://api.core42.ai/v1/chat/completions "HTTP/1.1 200 OK"
HTTP Request: POST https://api.core42.ai/v1/chat/completions "HTTP/1.1 200 OK"
HTTP Request: POST https://api.core42.ai/v1/chat/completions "HTTP/1.1 200 OK"
HTTP Request: POST https://api.core42.ai/v1/chat/completions "HTTP/1.1 200 OK"
HTTP Request: POST https://api.core42.ai/v1/chat/completions "HTTP/1.1 200 OK"
HTTP Request: POST https://api.core42.ai/v1/chat/completions "HTTP/1.1 200 OK"
HTTP Request: POST https://api.core42.ai/v1/chat/completions "HTTP/1.1 200 OK"
HTTP Request: POST https://api.core42.ai/v1/chat/completions "HTTP/1.1 200 OK"
HTTP Request: POST https://api.core42.ai/v1/chat/completions "HTTP/1.1 200 OK"
HTTP Request: POST https://api.core42.ai/v1/chat/completions "HTTP/1.1 200 OK"
HTTP Request: POST https://api.core42.ai/v1/chat/completions "HTTP/1.1 200 OK"
HTTP Request: POST https://api.core42.ai/v1/chat/completions "HTTP/1.1 200 OK"
HTTP Request: POST https://api.core42.ai/v1/chat/completions "HTTP/1.1 200 OK"
HTTP Request: POST https://api.core42.ai/v1/chat/completions "HTTP/1.1 200 OK"
HTTP Request: POST https://api.core42.ai/v1/chat/completions "HTTP/1.1 200 OK"
HTTP Request: POST https://api.core42.ai/v1/chat/completions "HTTP/1.1 200 OK"
HTTP Request: POST https://api.core42.ai/v1/chat/completions "HTTP/1.1 200 OK"
HTTP Request: POST https://api.core42.ai/v1/chat/completions "HTTP/1.1 200 OK"
HTTP Request: POST https://api.core42.ai/v1/chat/completions "HTTP/1.1 200 OK"
HTTP Request: POST https://api.core42.ai/v1/chat/completions "HTTP/1.1 200 OK"
HTTP Request: POST https://api.core42.ai/v1/chat/completions "HTTP/1.1 200 OK"
HTTP Request: POST https://api.core42.ai/v1/chat/completions "HTTP/1.1 200 OK"
HTTP Request: POST https://api.core42.ai/v1/chat/completions "HTTP/1.1 200 OK"
HTTP Request: POST https://api.core42.ai/v1/chat/completions "HTTP/1.1 200 OK"
HTTP Request: POST https://api.core42.ai/v1/chat/completions "HTTP/1.1 200 OK"
HTTP Request: POST https://api.core42.ai/v1/chat/completions "HTTP/1.1 200 OK"
HTTP Request: POST https://api.core42.ai/v1/chat/completions "HTTP/1.1 200 OK"
HTTP Request: POST https://api.core42.ai/v1/chat/completions "HTTP/1.1 200 OK"
HTTP Request: POST https://api.core42.ai/v1/chat/completions "HTTP/1.1 200 OK"
HTTP Request: POST https://api.core42.ai/v1/chat/completions "HTTP/1.1 200 OK"
HTTP Request: POST https://api.core42.ai/v1/chat/completions "HTTP/1.1 200 OK"
HTTP Request: POST https://api.core42.ai/v1/chat/completions "HTTP/1.1 200 OK"
HTTP Request: POST https://api.core42.ai/v1/chat/completions "HTTP/1.1 200 OK"
HTTP Request: POST https://api.core42.ai/v1/chat/completions "HTTP/1.1 200 OK"
HTTP Request: POST https://api.core42.ai/v1/chat/completions "HTTP/1.1 200 OK"
HTTP Request: POST https://api.core42.ai/v1/chat/completions "HTTP/1.1 200 OK"
HTTP Request: POST https://api.core42.ai/v1/chat/completions "HTTP/1.1 200 OK"
HTTP Request: POST https://api.core42.ai/v1/chat/completions "HTTP/1.1 200 OK"
HTTP Request: POST https://api.core42.ai/v1/chat/completions "HTTP/1.1 200 OK"
HTTP Request: POST https://api.core42.ai/v1/chat/completions "HTTP/1.1 200 OK"
HTTP Request: POST https://api.core42.ai/v1/chat/completions "HTTP/1.1 200 OK"
HTTP Request: POST https://api.core42.ai/v1/chat/completions "HTTP/1.1 200 OK"
HTTP Request: POST https://api.core42.ai/v1/chat/completions "HTTP/1.1 200 OK"
HTTP Request: POST https://api.core42.ai/v1/chat/completions "HTTP/1.1 200 OK"
HTTP Request: POST https://api.core42.ai/v1/chat/completions "HTTP/1.1 200 OK"
HTTP Request: POST https://api.core42.ai/v1/chat/completions "HTTP/1.1 200 OK"
HTTP Request: POST https://api.core42.ai/v1/chat/completions "HTTP/1.1 200 OK"
HTTP Request: POST https://api.core42.ai/v1/chat/completions "HTTP/1.1 200 OK"
HTTP Request: POST https://api.core42.ai/v1/chat/completions "HTTP/1.1 200 OK"
HTTP Request: POST https://api.core42.ai/v1/chat/completions "HTTP/1.1 200 OK"
HTTP Request: POST https://api.core42.ai/v1/chat/completions "HTTP/1.1 200 OK"
HTTP Request: POST https://api.core42.ai/v1/chat/completions "HTTP/1.1 200 OK"
HTTP Request: POST https://api.core42.ai/v1/chat/completions "HTTP/1.1 200 OK"
HTTP Request: POST https://api.core42.ai/v1/chat/completions "HTTP/1.1 200 OK"
HTTP Request: POST https://api.core42.ai/v1/chat/completions "HTTP/1.1 200 OK"
HTTP Request: POST https://api.core42.ai/v1/chat/completions "HTTP/1.1 200 OK"
HTTP Request: POST https://api.core42.ai/v1/chat/completions "HTTP/1.1 200 OK"
HTTP Request: POST https://api.core42.ai/v1/chat/completions "HTTP/1.1 200 OK"
HTTP Request: POST https://api.core42.ai/v1/chat/completions "HTTP/1.1 200 OK"
HTTP Request: POST https://api.core42.ai/v1/chat/completions "HTTP/1.1 200 OK"
HTTP Request: POST https://api.core42.ai/v1/chat/completions "HTTP/1.1 200 OK"
HTTP Request: POST https://api.core42.ai/v1/chat/completions "HTTP/1.1 200 OK"
HTTP Request: POST https://api.core42.ai/v1/chat/completions "HTTP/1.1 200 OK"
HTTP Request: POST https://api.core42.ai/v1/chat/completions "HTTP/1.1 200 OK"
HTTP Request: POST https://api.core42.ai/v1/chat/completions "HTTP/1.1 200 OK"
HTTP Request: POST https://api.core42.ai/v1/chat/completions "HTTP/1.1 200 OK"
HTTP Request: POST https://api.core42.ai/v1/chat/completions "HTTP/1.1 200 OK"
HTTP Request: POST https://api.core42.ai/v1/chat/completions "HTTP/1.1 200 OK"
HTTP Request: POST https://api.core42.ai/v1/chat/completions "HTTP/1.1 200 OK"
HTTP Request: POST https://api.core42.ai/v1/chat/completions "HTTP/1.1 200 OK"
HTTP Request: POST https://api.core42.ai/v1/chat/completions "HTTP/1.1 200 OK"
HTTP Request: POST https://api.core42.ai/v1/chat/completions "HTTP/1.1 200 OK"
HTTP Request: POST https://api.core42.ai/v1/chat/completions "HTTP/1.1 200 OK"
HTTP Request: POST https://api.core42.ai/v1/chat/completions "HTTP/1.1 200 OK"
HTTP Request: POST https://api.core42.ai/v1/chat/completions "HTTP/1.1 200 OK"
HTTP Request: POST https://api.core42.ai/v1/chat/completions "HTTP/1.1 200 OK"
HTTP Request: POST https://api.core42.ai/v1/chat/completions "HTTP/1.1 200 OK"
HTTP Request: POST https://api.core42.ai/v1/chat/completions "HTTP/1.1 200 OK"
HTTP Request: POST https://api.core42.ai/v1/chat/completions "HTTP/1.1 200 OK"
HTTP Request: POST https://api.core42.ai/v1/chat/completions "HTTP/1.1 200 OK"
HTTP Request: POST https://api.core42.ai/v1/chat/completions "HTTP/1.1 200 OK"
HTTP Request: POST https://api.core42.ai/v1/chat/completions "HTTP/1.1 200 OK"
HTTP Request: POST https://api.core42.ai/v1/chat/completions "HTTP/1.1 200 OK"
HTTP Request: POST https://api.core42.ai/v1/chat/completions "HTTP/1.1 200 OK"
HTTP Request: POST https://api.core42.ai/v1/chat/completions "HTTP/1.1 200 OK"
HTTP Request: POST https://api.core42.ai/v1/chat/completions "HTTP/1.1 200 OK"
HTTP Request: POST https://api.core42.ai/v1/chat/completions "HTTP/1.1 200 OK"
HTTP Request: POST https://api.core42.ai/v1/chat/completions "HTTP/1.1 200 OK"
HTTP Request: POST https://api.core42.ai/v1/chat/completions "HTTP/1.1 200 OK"
HTTP Request: POST https://api.core42.ai/v1/chat/completions "HTTP/1.1 200 OK"
HTTP Request: POST https://api.core42.ai/v1/chat/completions "HTTP/1.1 200 OK"
HTTP Request: POST https://api.core42.ai/v1/chat/completions "HTTP/1.1 200 OK"
HTTP Request: POST https://api.core42.ai/v1/chat/completions "HTTP/1.1 200 OK"
Job "run_capture_if_idle (trigger: interval[1:00:00], next run at: 2026-08-14 07:07:16 +04)" executed successfully
Running job "run_capture_if_idle (trigger: interval[1:00:00], next run at: 2026-08-14 08:07:16 +04)" (scheduled at 2026-08-14 07:07:16.475453+04:00)
HTTP Request: POST https://api.core42.ai/v1/chat/completions "HTTP/1.1 200 OK"
HTTP Request: POST https://api.core42.ai/v1/chat/completions "HTTP/1.1 200 OK"
HTTP Request: POST https://api.core42.ai/v1/chat/completions "HTTP/1.1 200 OK"
HTTP Request: POST https://api.core42.ai/v1/chat/completions "HTTP/1.1 200 OK"
HTTP Request: POST https://api.core42.ai/v1/chat/completions "HTTP/1.1 200 OK"
HTTP Request: POST https://api.core42.ai/v1/chat/completions "HTTP/1.1 200 OK"
HTTP Request: POST https://api.core42.ai/v1/chat/completions "HTTP/1.1 200 OK"
HTTP Request: POST https://api.core42.ai/v1/chat/completions "HTTP/1.1 200 OK"
HTTP Request: POST https://api.core42.ai/v1/chat/completions "HTTP/1.1 200 OK"
HTTP Request: POST https://api.core42.ai/v1/chat/completions "HTTP/1.1 200 OK"
HTTP Request: POST https://api.core42.ai/v1/chat/completions "HTTP/1.1 200 OK"
HTTP Request: POST https://api.core42.ai/v1/chat/completions "HTTP/1.1 200 OK"
HTTP Request: POST https://api.core42.ai/v1/chat/completions "HTTP/1.1 200 OK"
HTTP Request: POST https://api.core42.ai/v1/chat/completions "HTTP/1.1 200 OK"
HTTP Request: POST https://api.core42.ai/v1/chat/completions "HTTP/1.1 200 OK"
HTTP Request: POST https://api.core42.ai/v1/chat/completions "HTTP/1.1 200 OK"
HTTP Request: POST https://api.core42.ai/v1/chat/completions "HTTP/1.1 200 OK"
HTTP Request: POST https://api.core42.ai/v1/chat/completions "HTTP/1.1 200 OK"
HTTP Request: POST https://api.core42.ai/v1/chat/completions "HTTP/1.1 200 OK"
HTTP Request: POST https://api.core42.ai/v1/chat/completions "HTTP/1.1 200 OK"
HTTP Request: POST https://api.core42.ai/v1/chat/completions "HTTP/1.1 200 OK"
HTTP Request: POST https://api.core42.ai/v1/chat/completions "HTTP/1.1 200 OK"
HTTP Request: POST https://api.core42.ai/v1/chat/completions "HTTP/1.1 200 OK"
HTTP Request: POST https://api.core42.ai/v1/chat/completions "HTTP/1.1 200 OK"
HTTP Request: POST https://api.core42.ai/v1/chat/completions "HTTP/1.1 200 OK"
HTTP Request: POST https://api.core42.ai/v1/chat/completions "HTTP/1.1 200 OK"
HTTP Request: POST https://api.core42.ai/v1/chat/completions "HTTP/1.1 200 OK"
HTTP Request: POST https://api.core42.ai/v1/chat/completions "HTTP/1.1 200 OK"
HTTP Request: POST https://api.core42.ai/v1/chat/completions "HTTP/1.1 200 OK"
HTTP Request: POST https://api.core42.ai/v1/chat/completions "HTTP/1.1 200 OK"
HTTP Request: POST https://api.core42.ai/v1/chat/completions "HTTP/1.1 200 OK"
HTTP Request: POST https://api.core42.ai/v1/chat/completions "HTTP/1.1 200 OK"
HTTP Request: POST https://api.core42.ai/v1/chat/completions "HTTP/1.1 200 OK"
HTTP Request: POST https://api.core42.ai/v1/chat/completions "HTTP/1.1 200 OK"
HTTP Request: POST https://api.core42.ai/v1/chat/completions "HTTP/1.1 200 OK"
HTTP Request: POST https://api.core42.ai/v1/chat/completions "HTTP/1.1 200 OK"
HTTP Request: POST https://api.core42.ai/v1/chat/completions "HTTP/1.1 200 OK"
HTTP Request: POST https://api.core42.ai/v1/chat/completions "HTTP/1.1 200 OK"
HTTP Request: POST https://api.core42.ai/v1/chat/completions "HTTP/1.1 200 OK"
HTTP Request: POST https://api.core42.ai/v1/chat/completions "HTTP/1.1 200 OK"
HTTP Request: POST https://api.core42.ai/v1/chat/completions "HTTP/1.1 200 OK"
HTTP Request: POST https://api.core42.ai/v1/chat/completions "HTTP/1.1 200 OK"
HTTP Request: POST https://api.core42.ai/v1/chat/completions "HTTP/1.1 200 OK"
HTTP Request: POST https://api.core42.ai/v1/chat/completions "HTTP/1.1 200 OK"
HTTP Request: POST https://api.core42.ai/v1/chat/completions "HTTP/1.1 200 OK"
HTTP Request: POST https://api.core42.ai/v1/chat/completions "HTTP/1.1 200 OK"
HTTP Request: POST https://api.core42.ai/v1/chat/completions "HTTP/1.1 200 OK"
HTTP Request: POST https://api.core42.ai/v1/chat/completions "HTTP/1.1 200 OK"
HTTP Request: POST https://api.core42.ai/v1/chat/completions "HTTP/1.1 200 OK"
HTTP Request: POST https://api.core42.ai/v1/chat/completions "HTTP/1.1 200 OK"
HTTP Request: POST https://api.core42.ai/v1/chat/completions "HTTP/1.1 200 OK"
HTTP Request: POST https://api.core42.ai/v1/chat/completions "HTTP/1.1 200 OK"
HTTP Request: POST https://api.core42.ai/v1/chat/completions "HTTP/1.1 200 OK"
HTTP Request: POST https://api.core42.ai/v1/chat/completions "HTTP/1.1 200 OK"
HTTP Request: POST https://api.core42.ai/v1/chat/completions "HTTP/1.1 200 OK"
HTTP Request: POST https://api.core42.ai/v1/chat/completions "HTTP/1.1 200 OK"
HTTP Request: POST https://api.core42.ai/v1/chat/completions "HTTP/1.1 200 OK"
HTTP Request: POST https://api.core42.ai/v1/chat/completions "HTTP/1.1 200 OK"
HTTP Request: POST https://api.core42.ai/v1/chat/completions "HTTP/1.1 200 OK"
HTTP Request: POST https://api.core42.ai/v1/chat/completions "HTTP/1.1 200 OK"
HTTP Request: POST https://api.core42.ai/v1/chat/completions "HTTP/1.1 200 OK"
HTTP Request: POST https://api.core42.ai/v1/chat/completions "HTTP/1.1 200 OK"
HTTP Request: POST https://api.core42.ai/v1/chat/completions "HTTP/1.1 200 OK"
HTTP Request: POST https://api.core42.ai/v1/chat/completions "HTTP/1.1 200 OK"
HTTP Request: POST https://api.core42.ai/v1/chat/completions "HTTP/1.1 200 OK"
HTTP Request: POST https://api.core42.ai/v1/chat/completions "HTTP/1.1 200 OK"
HTTP Request: POST https://api.core42.ai/v1/chat/completions "HTTP/1.1 200 OK"
HTTP Request: POST https://api.core42.ai/v1/chat/completions "HTTP/1.1 200 OK"
HTTP Request: POST https://api.core42.ai/v1/chat/completions "HTTP/1.1 200 OK"
HTTP Request: POST https://api.core42.ai/v1/chat/completions "HTTP/1.1 200 OK"
HTTP Request: POST https://api.core42.ai/v1/chat/completions "HTTP/1.1 200 OK"
HTTP Request: POST https://api.core42.ai/v1/chat/completions "HTTP/1.1 200 OK"
HTTP Request: POST https://api.core42.ai/v1/chat/completions "HTTP/1.1 200 OK"
HTTP Request: POST https://api.core42.ai/v1/chat/completions "HTTP/1.1 200 OK"
HTTP Request: POST https://api.core42.ai/v1/chat/completions "HTTP/1.1 200 OK"
HTTP Request: POST https://api.core42.ai/v1/chat/completions "HTTP/1.1 200 OK"
HTTP Request: POST https://api.core42.ai/v1/chat/completions "HTTP/1.1 200 OK"
HTTP Request: POST https://api.core42.ai/v1/chat/completions "HTTP/1.1 200 OK"
HTTP Request: POST https://api.core42.ai/v1/chat/completions "HTTP/1.1 200 OK"
HTTP Request: POST https://api.core42.ai/v1/chat/completions "HTTP/1.1 200 OK"
HTTP Request: POST https://api.core42.ai/v1/chat/completions "HTTP/1.1 200 OK"
HTTP Request: POST https://api.core42.ai/v1/chat/completions "HTTP/1.1 200 OK"
HTTP Request: POST https://api.core42.ai/v1/chat/completions "HTTP/1.1 200 OK"
HTTP Request: POST https://api.core42.ai/v1/chat/completions "HTTP/1.1 200 OK"
HTTP Request: POST https://api.core42.ai/v1/chat/completions "HTTP/1.1 200 OK"
HTTP Request: POST https://api.core42.ai/v1/chat/completions "HTTP/1.1 200 OK"
HTTP Request: POST https://api.core42.ai/v1/chat/completions "HTTP/1.1 200 OK"
HTTP Request: POST https://api.core42.ai/v1/chat/completions "HTTP/1.1 200 OK"
HTTP Request: POST https://api.core42.ai/v1/chat/completions "HTTP/1.1 200 OK"
HTTP Request: POST https://api.core42.ai/v1/chat/completions "HTTP/1.1 200 OK"
HTTP Request: POST https://api.core42.ai/v1/chat/completions "HTTP/1.1 200 OK"
HTTP Request: POST https://api.core42.ai/v1/chat/completions "HTTP/1.1 200 OK"
HTTP Request: POST https://api.core42.ai/v1/chat/completions "HTTP/1.1 200 OK"
HTTP Request: POST https://api.core42.ai/v1/chat/completions "HTTP/1.1 200 OK"
HTTP Request: POST https://api.core42.ai/v1/chat/completions "HTTP/1.1 200 OK"
HTTP Request: POST https://api.core42.ai/v1/chat/completions "HTTP/1.1 200 OK"
HTTP Request: POST https://api.core42.ai/v1/chat/completions "HTTP/1.1 200 OK"
HTTP Request: POST https://api.core42.ai/v1/chat/completions "HTTP/1.1 200 OK"
HTTP Request: POST https://api.core42.ai/v1/chat/completions "HTTP/1.1 200 OK"
HTTP Request: POST https://api.core42.ai/v1/chat/completions "HTTP/1.1 200 OK"
Job "run_capture_if_idle (trigger: interval[1:00:00], next run at: 2026-08-14 08:07:16 +04)" executed successfully
Running job "run_capture_if_idle (trigger: interval[1:00:00], next run at: 2026-08-14 09:07:16 +04)" (scheduled at 2026-08-14 08:07:16.475453+04:00)
HTTP Request: POST https://api.core42.ai/v1/chat/completions "HTTP/1.1 200 OK"
HTTP Request: POST https://api.core42.ai/v1/chat/completions "HTTP/1.1 200 OK"
HTTP Request: POST https://api.core42.ai/v1/chat/completions "HTTP/1.1 200 OK"
HTTP Request: POST https://api.core42.ai/v1/chat/completions "HTTP/1.1 200 OK"
HTTP Request: POST https://api.core42.ai/v1/chat/completions "HTTP/1.1 200 OK"
HTTP Request: POST https://api.core42.ai/v1/chat/completions "HTTP/1.1 200 OK"
HTTP Request: POST https://api.core42.ai/v1/chat/completions "HTTP/1.1 200 OK"
HTTP Request: POST https://api.core42.ai/v1/chat/completions "HTTP/1.1 200 OK"
HTTP Request: POST https://api.core42.ai/v1/chat/completions "HTTP/1.1 200 OK"
HTTP Request: POST https://api.core42.ai/v1/chat/completions "HTTP/1.1 200 OK"
HTTP Request: POST https://api.core42.ai/v1/chat/completions "HTTP/1.1 200 OK"
HTTP Request: POST https://api.core42.ai/v1/chat/completions "HTTP/1.1 200 OK"
HTTP Request: POST https://api.core42.ai/v1/chat/completions "HTTP/1.1 200 OK"
HTTP Request: POST https://api.core42.ai/v1/chat/completions "HTTP/1.1 200 OK"
HTTP Request: POST https://api.core42.ai/v1/chat/completions "HTTP/1.1 200 OK"
HTTP Request: POST https://api.core42.ai/v1/chat/completions "HTTP/1.1 200 OK"
HTTP Request: POST https://api.core42.ai/v1/chat/completions "HTTP/1.1 200 OK"
HTTP Request: POST https://api.core42.ai/v1/chat/completions "HTTP/1.1 200 OK"
HTTP Request: POST https://api.core42.ai/v1/chat/completions "HTTP/1.1 200 OK"
HTTP Request: POST https://api.core42.ai/v1/chat/completions "HTTP/1.1 200 OK"
HTTP Request: POST https://api.core42.ai/v1/chat/completions "HTTP/1.1 200 OK"
HTTP Request: POST https://api.core42.ai/v1/chat/completions "HTTP/1.1 200 OK"
HTTP Request: POST https://api.core42.ai/v1/chat/completions "HTTP/1.1 200 OK"
HTTP Request: POST https://api.core42.ai/v1/chat/completions "HTTP/1.1 200 OK"
HTTP Request: POST https://api.core42.ai/v1/chat/completions "HTTP/1.1 200 OK"
HTTP Request: POST https://api.core42.ai/v1/chat/completions "HTTP/1.1 200 OK"
HTTP Request: POST https://api.core42.ai/v1/chat/completions "HTTP/1.1 200 OK"
HTTP Request: POST https://api.core42.ai/v1/chat/completions "HTTP/1.1 200 OK"
HTTP Request: POST https://api.core42.ai/v1/chat/completions "HTTP/1.1 200 OK"
HTTP Request: POST https://api.core42.ai/v1/chat/completions "HTTP/1.1 200 OK"
HTTP Request: POST https://api.core42.ai/v1/chat/completions "HTTP/1.1 200 OK"
HTTP Request: POST https://api.core42.ai/v1/chat/completions "HTTP/1.1 200 OK"
HTTP Request: POST https://api.core42.ai/v1/chat/completions "HTTP/1.1 200 OK"
HTTP Request: POST https://api.core42.ai/v1/chat/completions "HTTP/1.1 200 OK"
HTTP Request: POST https://api.core42.ai/v1/chat/completions "HTTP/1.1 200 OK"
HTTP Request: POST https://api.core42.ai/v1/chat/completions "HTTP/1.1 200 OK"
HTTP Request: POST https://api.core42.ai/v1/chat/completions "HTTP/1.1 200 OK"
HTTP Request: POST https://api.core42.ai/v1/chat/completions "HTTP/1.1 200 OK"
HTTP Request: POST https://api.core42.ai/v1/chat/completions "HTTP/1.1 200 OK"
HTTP Request: POST https://api.core42.ai/v1/chat/completions "HTTP/1.1 200 OK"
HTTP Request: POST https://api.core42.ai/v1/chat/completions "HTTP/1.1 200 OK"
HTTP Request: POST https://api.core42.ai/v1/chat/completions "HTTP/1.1 200 OK"
HTTP Request: POST https://api.core42.ai/v1/chat/completions "HTTP/1.1 200 OK"
HTTP Request: POST https://api.core42.ai/v1/chat/completions "HTTP/1.1 200 OK"
HTTP Request: POST https://api.core42.ai/v1/chat/completions "HTTP/1.1 200 OK"
HTTP Request: POST https://api.core42.ai/v1/chat/completions "HTTP/1.1 200 OK"
HTTP Request: POST https://api.core42.ai/v1/chat/completions "HTTP/1.1 200 OK"
HTTP Request: POST https://api.core42.ai/v1/chat/completions "HTTP/1.1 200 OK"
HTTP Request: POST https://api.core42.ai/v1/chat/completions "HTTP/1.1 200 OK"
HTTP Request: POST https://api.core42.ai/v1/chat/completions "HTTP/1.1 200 OK"
HTTP Request: POST https://api.core42.ai/v1/chat/completions "HTTP/1.1 200 OK"
HTTP Request: POST https://api.core42.ai/v1/chat/completions "HTTP/1.1 200 OK"
HTTP Request: POST https://api.core42.ai/v1/chat/completions "HTTP/1.1 200 OK"
HTTP Request: POST https://api.core42.ai/v1/chat/completions "HTTP/1.1 200 OK"
HTTP Request: POST https://api.core42.ai/v1/chat/completions "HTTP/1.1 200 OK"
HTTP Request: POST https://api.core42.ai/v1/chat/completions "HTTP/1.1 200 OK"
HTTP Request: POST https://api.core42.ai/v1/chat/completions "HTTP/1.1 200 OK"
HTTP Request: POST https://api.core42.ai/v1/chat/completions "HTTP/1.1 200 OK"
HTTP Request: POST https://api.core42.ai/v1/chat/completions "HTTP/1.1 200 OK"
HTTP Request: POST https://api.core42.ai/v1/chat/completions "HTTP/1.1 200 OK"
HTTP Request: POST https://api.core42.ai/v1/chat/completions "HTTP/1.1 200 OK"
HTTP Request: POST https://api.core42.ai/v1/chat/completions "HTTP/1.1 200 OK"
HTTP Request: POST https://api.core42.ai/v1/chat/completions "HTTP/1.1 200 OK"
HTTP Request: POST https://api.core42.ai/v1/chat/completions "HTTP/1.1 200 OK"
HTTP Request: POST https://api.core42.ai/v1/chat/completions "HTTP/1.1 200 OK"
HTTP Request: POST https://api.core42.ai/v1/chat/completions "HTTP/1.1 200 OK"
HTTP Request: POST https://api.core42.ai/v1/chat/completions "HTTP/1.1 200 OK"
HTTP Request: POST https://api.core42.ai/v1/chat/completions "HTTP/1.1 200 OK"
HTTP Request: POST https://api.core42.ai/v1/chat/completions "HTTP/1.1 200 OK"
HTTP Request: POST https://api.core42.ai/v1/chat/completions "HTTP/1.1 200 OK"
HTTP Request: POST https://api.core42.ai/v1/chat/completions "HTTP/1.1 200 OK"
HTTP Request: POST https://api.core42.ai/v1/chat/completions "HTTP/1.1 200 OK"
HTTP Request: POST https://api.core42.ai/v1/chat/completions "HTTP/1.1 200 OK"
HTTP Request: POST https://api.core42.ai/v1/chat/completions "HTTP/1.1 200 OK"
HTTP Request: POST https://api.core42.ai/v1/chat/completions "HTTP/1.1 200 OK"
HTTP Request: POST https://api.core42.ai/v1/chat/completions "HTTP/1.1 200 OK"
HTTP Request: POST https://api.core42.ai/v1/chat/completions "HTTP/1.1 200 OK"
HTTP Request: POST https://api.core42.ai/v1/chat/completions "HTTP/1.1 200 OK"
HTTP Request: POST https://api.core42.ai/v1/chat/completions "HTTP/1.1 200 OK"
HTTP Request: POST https://api.core42.ai/v1/chat/completions "HTTP/1.1 200 OK"
HTTP Request: POST https://api.core42.ai/v1/chat/completions "HTTP/1.1 200 OK"
HTTP Request: POST https://api.core42.ai/v1/chat/completions "HTTP/1.1 200 OK"
HTTP Request: POST https://api.core42.ai/v1/chat/completions "HTTP/1.1 200 OK"
HTTP Request: POST https://api.core42.ai/v1/chat/completions "HTTP/1.1 200 OK"
HTTP Request: POST https://api.core42.ai/v1/chat/completions "HTTP/1.1 200 OK"
HTTP Request: POST https://api.core42.ai/v1/chat/completions "HTTP/1.1 200 OK"
HTTP Request: POST https://api.core42.ai/v1/chat/completions "HTTP/1.1 200 OK"
HTTP Request: POST https://api.core42.ai/v1/chat/completions "HTTP/1.1 200 OK"
HTTP Request: POST https://api.core42.ai/v1/chat/completions "HTTP/1.1 200 OK"
HTTP Request: POST https://api.core42.ai/v1/chat/completions "HTTP/1.1 200 OK"
HTTP Request: POST https://api.core42.ai/v1/chat/completions "HTTP/1.1 200 OK"
HTTP Request: POST https://api.core42.ai/v1/chat/completions "HTTP/1.1 200 OK"
HTTP Request: POST https://api.core42.ai/v1/chat/completions "HTTP/1.1 200 OK"
HTTP Request: POST https://api.core42.ai/v1/chat/completions "HTTP/1.1 200 OK"
HTTP Request: POST https://api.core42.ai/v1/chat/completions "HTTP/1.1 200 OK"
HTTP Request: POST https://api.core42.ai/v1/chat/completions "HTTP/1.1 200 OK"
HTTP Request: POST https://api.core42.ai/v1/chat/completions "HTTP/1.1 200 OK"
HTTP Request: POST https://api.core42.ai/v1/chat/completions "HTTP/1.1 200 OK"
HTTP Request: POST https://api.core42.ai/v1/chat/completions "HTTP/1.1 200 OK"
Job "run_capture_if_idle (trigger: interval[1:00:00], next run at: 2026-08-14 09:07:16 +04)" executed successfully
Running job "run_capture_if_idle (trigger: interval[1:00:00], next run at: 2026-08-14 10:07:16 +04)" (scheduled at 2026-08-14 09:07:16.475453+04:00)
Created new transport with session ID: dc37eadf100c424e9bf1494b8b9c3a1b
Processing request of type ListToolsRequest
Terminating session: dc37eadf100c424e9bf1494b8b9c3a1b
Created new transport with session ID: 0d029e4a35ad47458331fba950a8cc45
Processing request of type CallToolRequest
Processing request of type ListToolsRequest
Terminating session: 0d029e4a35ad47458331fba950a8cc45
Created new transport with session ID: 39cb61c3b5224645906d46747fbb6265
Processing request of type CallToolRequest
Processing request of type ListToolsRequest
Terminating session: 39cb61c3b5224645906d46747fbb6265
Created new transport with session ID: 226cba07377b49c6ad1969c20df50f85
Processing request of type CallToolRequest
Processing request of type ListToolsRequest
Terminating session: 226cba07377b49c6ad1969c20df50f85
Created new transport with session ID: 7603b50472ee4722ac88bfe43efa2c19
Processing request of type CallToolRequest
Processing request of type ListToolsRequest
Terminating session: 7603b50472ee4722ac88bfe43efa2c19
Created new transport with session ID: bb8b5fef869b417c8d902c3bece963ab
Processing request of type CallToolRequest
Processing request of type ListToolsRequest
Terminating session: bb8b5fef869b417c8d902c3bece963ab
Created new transport with session ID: 676b610170e24fbe920eb746ff1be0d8
Processing request of type ListToolsRequest
Terminating session: 676b610170e24fbe920eb746ff1be0d8
Created new transport with session ID: a3e990fcb2504ae0b6d9e1905968434d
Processing request of type CallToolRequest
Processing request of type ListToolsRequest
Terminating session: a3e990fcb2504ae0b6d9e1905968434d
Created new transport with session ID: 1c14b5fc9da14feeae3eca285b73ac4e
Processing request of type CallToolRequest
Processing request of type ListToolsRequest
Terminating session: 1c14b5fc9da14feeae3eca285b73ac4e
Created new transport with session ID: c2850bc773624bf2ac25e106ab9f7fbf
Processing request of type CallToolRequest
Processing request of type ListToolsRequest
Terminating session: c2850bc773624bf2ac25e106ab9f7fbf
Created new transport with session ID: b75a0c5ed4034f45a95056eebc50bd46
Processing request of type CallToolRequest
Processing request of type ListToolsRequest
Terminating session: b75a0c5ed4034f45a95056eebc50bd46
Created new transport with session ID: 729c011bc1444588ae74cfbf4bf2290d
Processing request of type CallToolRequest
Processing request of type ListToolsRequest
Terminating session: 729c011bc1444588ae74cfbf4bf2290d
Created new transport with session ID: b0e021976796415d8ce31febd725c78d
Processing request of type CallToolRequest
Processing request of type ListToolsRequest
Terminating session: b0e021976796415d8ce31febd725c78d
Created new transport with session ID: b262a057a5ad4584940bb2386c09b619
Processing request of type CallToolRequest
Processing request of type ListToolsRequest
Terminating session: b262a057a5ad4584940bb2386c09b619
Created new transport with session ID: b1850cc95cbe4fb897e0a31f617cf6c9
Processing request of type CallToolRequest
Processing request of type ListToolsRequest
Terminating session: b1850cc95cbe4fb897e0a31f617cf6c9
HTTP Request: POST https://api.core42.ai/v1/chat/completions "HTTP/1.1 200 OK"
HTTP Request: POST https://api.core42.ai/v1/chat/completions "HTTP/1.1 200 OK"
HTTP Request: POST https://api.core42.ai/v1/chat/completions "HTTP/1.1 200 OK"
HTTP Request: POST https://api.core42.ai/v1/chat/completions "HTTP/1.1 200 OK"
HTTP Request: POST https://api.core42.ai/v1/chat/completions "HTTP/1.1 200 OK"
Created new transport with session ID: d58b9b8b424749acbe3d30fa332fcf67
Processing request of type ListToolsRequest
Terminating session: d58b9b8b424749acbe3d30fa332fcf67
HTTP Request: POST https://api.core42.ai/v1/chat/completions "HTTP/1.1 200 OK"
HTTP Request: POST https://api.core42.ai/v1/chat/completions "HTTP/1.1 200 OK"
HTTP Request: POST https://api.core42.ai/v1/chat/completions "HTTP/1.1 200 OK"
HTTP Request: POST https://api.core42.ai/v1/chat/completions "HTTP/1.1 200 OK"
HTTP Request: POST https://api.core42.ai/v1/chat/completions "HTTP/1.1 200 OK"
Created new transport with session ID: 2d7d4c602a0942d1a894a083db78bc67
Processing request of type CallToolRequest
Processing request of type ListToolsRequest
Terminating session: 2d7d4c602a0942d1a894a083db78bc67
HTTP Request: POST https://api.core42.ai/v1/chat/completions "HTTP/1.1 200 OK"
HTTP Request: POST https://api.core42.ai/v1/chat/completions "HTTP/1.1 200 OK"
Created new transport with session ID: 014b200ac5824ead9301a942df4be493
Processing request of type CallToolRequest
Processing request of type ListToolsRequest
Terminating session: 014b200ac5824ead9301a942df4be493
HTTP Request: POST https://api.core42.ai/v1/chat/completions "HTTP/1.1 200 OK"
HTTP Request: POST https://api.core42.ai/v1/chat/completions "HTTP/1.1 200 OK"
HTTP Request: POST https://api.core42.ai/v1/chat/completions "HTTP/1.1 200 OK"
HTTP Request: POST https://api.core42.ai/v1/chat/completions "HTTP/1.1 200 OK"
HTTP Request: POST https://api.core42.ai/v1/chat/completions "HTTP/1.1 200 OK"
HTTP Request: POST https://api.core42.ai/v1/chat/completions "HTTP/1.1 200 OK"
HTTP Request: POST https://api.core42.ai/v1/chat/completions "HTTP/1.1 200 OK"
HTTP Request: POST https://api.core42.ai/v1/chat/completions "HTTP/1.1 200 OK"
HTTP Request: POST https://api.core42.ai/v1/chat/completions "HTTP/1.1 200 OK"
HTTP Request: POST https://api.core42.ai/v1/chat/completions "HTTP/1.1 200 OK"
HTTP Request: POST https://api.core42.ai/v1/chat/completions "HTTP/1.1 200 OK"
HTTP Request: POST https://api.core42.ai/v1/chat/completions "HTTP/1.1 200 OK"
HTTP Request: POST https://api.core42.ai/v1/chat/completions "HTTP/1.1 200 OK"
HTTP Request: POST https://api.core42.ai/v1/chat/completions "HTTP/1.1 200 OK"
HTTP Request: POST https://api.core42.ai/v1/chat/completions "HTTP/1.1 200 OK"
HTTP Request: POST https://api.core42.ai/v1/chat/completions "HTTP/1.1 200 OK"
HTTP Request: POST https://api.core42.ai/v1/chat/completions "HTTP/1.1 200 OK"
HTTP Request: POST https://api.core42.ai/v1/chat/completions "HTTP/1.1 200 OK"
HTTP Request: POST https://api.core42.ai/v1/chat/completions "HTTP/1.1 200 OK"
HTTP Request: POST https://api.core42.ai/v1/chat/completions "HTTP/1.1 200 OK"
HTTP Request: POST https://api.core42.ai/v1/chat/completions "HTTP/1.1 200 OK"
HTTP Request: POST https://api.core42.ai/v1/chat/completions "HTTP/1.1 200 OK"
HTTP Request: POST https://api.core42.ai/v1/chat/completions "HTTP/1.1 200 OK"
HTTP Request: POST https://api.core42.ai/v1/chat/completions "HTTP/1.1 200 OK"
HTTP Request: POST https://api.core42.ai/v1/chat/completions "HTTP/1.1 200 OK"
HTTP Request: POST https://api.core42.ai/v1/chat/completions "HTTP/1.1 200 OK"
HTTP Request: POST https://api.core42.ai/v1/chat/completions "HTTP/1.1 200 OK"
HTTP Request: POST https://api.core42.ai/v1/chat/completions "HTTP/1.1 200 OK"
HTTP Request: POST https://api.core42.ai/v1/chat/completions "HTTP/1.1 200 OK"
HTTP Request: POST https://api.core42.ai/v1/chat/completions "HTTP/1.1 200 OK"
HTTP Request: POST https://api.core42.ai/v1/chat/completions "HTTP/1.1 200 OK"
HTTP Request: POST https://api.core42.ai/v1/chat/completions "HTTP/1.1 200 OK"
HTTP Request: POST https://api.core42.ai/v1/chat/completions "HTTP/1.1 200 OK"
HTTP Request: POST https://api.core42.ai/v1/chat/completions "HTTP/1.1 200 OK"
HTTP Request: POST https://api.core42.ai/v1/chat/completions "HTTP/1.1 200 OK"
HTTP Request: POST https://api.core42.ai/v1/chat/completions "HTTP/1.1 200 OK"
HTTP Request: POST https://api.core42.ai/v1/chat/completions "HTTP/1.1 200 OK"
HTTP Request: POST https://api.core42.ai/v1/chat/completions "HTTP/1.1 200 OK"
HTTP Request: POST https://api.core42.ai/v1/chat/completions "HTTP/1.1 200 OK"
HTTP Request: POST https://api.core42.ai/v1/chat/completions "HTTP/1.1 200 OK"
HTTP Request: POST https://api.core42.ai/v1/chat/completions "HTTP/1.1 200 OK"
HTTP Request: POST https://api.core42.ai/v1/chat/completions "HTTP/1.1 200 OK"
HTTP Request: POST https://api.core42.ai/v1/chat/completions "HTTP/1.1 200 OK"
HTTP Request: POST https://api.core42.ai/v1/chat/completions "HTTP/1.1 200 OK"
HTTP Request: POST https://api.core42.ai/v1/chat/completions "HTTP/1.1 200 OK"
HTTP Request: POST https://api.core42.ai/v1/chat/completions "HTTP/1.1 200 OK"
HTTP Request: POST https://api.core42.ai/v1/chat/completions "HTTP/1.1 200 OK"
HTTP Request: POST https://api.core42.ai/v1/chat/completions "HTTP/1.1 200 OK"
HTTP Request: POST https://api.core42.ai/v1/chat/completions "HTTP/1.1 200 OK"
HTTP Request: POST https://api.core42.ai/v1/chat/completions "HTTP/1.1 200 OK"
HTTP Request: POST https://api.core42.ai/v1/chat/completions "HTTP/1.1 200 OK"
HTTP Request: POST https://api.core42.ai/v1/chat/completions "HTTP/1.1 200 OK"
HTTP Request: POST https://api.core42.ai/v1/chat/completions "HTTP/1.1 200 OK"
HTTP Request: POST https://api.core42.ai/v1/chat/completions "HTTP/1.1 200 OK"
HTTP Request: POST https://api.core42.ai/v1/chat/completions "HTTP/1.1 200 OK"
HTTP Request: POST https://api.core42.ai/v1/chat/completions "HTTP/1.1 200 OK"
HTTP Request: POST https://api.core42.ai/v1/chat/completions "HTTP/1.1 200 OK"
HTTP Request: POST https://api.core42.ai/v1/chat/completions "HTTP/1.1 200 OK"
HTTP Request: POST https://api.core42.ai/v1/chat/completions "HTTP/1.1 200 OK"
HTTP Request: POST https://api.core42.ai/v1/chat/completions "HTTP/1.1 200 OK"
HTTP Request: POST https://api.core42.ai/v1/chat/completions "HTTP/1.1 200 OK"
HTTP Request: POST https://api.core42.ai/v1/chat/completions "HTTP/1.1 200 OK"
HTTP Request: POST https://api.core42.ai/v1/chat/completions "HTTP/1.1 200 OK"
HTTP Request: POST https://api.core42.ai/v1/chat/completions "HTTP/1.1 200 OK"
HTTP Request: POST https://api.core42.ai/v1/chat/completions "HTTP/1.1 200 OK"
HTTP Request: POST https://api.core42.ai/v1/chat/completions "HTTP/1.1 200 OK"
HTTP Request: POST https://api.core42.ai/v1/chat/completions "HTTP/1.1 200 OK"
HTTP Request: POST https://api.core42.ai/v1/chat/completions "HTTP/1.1 200 OK"
HTTP Request: POST https://api.core42.ai/v1/chat/completions "HTTP/1.1 200 OK"
HTTP Request: POST https://api.core42.ai/v1/chat/completions "HTTP/1.1 200 OK"
HTTP Request: POST https://api.core42.ai/v1/chat/completions "HTTP/1.1 200 OK"
HTTP Request: POST https://api.core42.ai/v1/chat/completions "HTTP/1.1 200 OK"
HTTP Request: POST https://api.core42.ai/v1/chat/completions "HTTP/1.1 200 OK"
HTTP Request: POST https://api.core42.ai/v1/chat/completions "HTTP/1.1 200 OK"
HTTP Request: POST https://api.core42.ai/v1/chat/completions "HTTP/1.1 200 OK"
HTTP Request: POST https://api.core42.ai/v1/chat/completions "HTTP/1.1 200 OK"
HTTP Request: POST https://api.core42.ai/v1/chat/completions "HTTP/1.1 200 OK"
HTTP Request: POST https://api.core42.ai/v1/chat/completions "HTTP/1.1 200 OK"
HTTP Request: POST https://api.core42.ai/v1/chat/completions "HTTP/1.1 200 OK"
HTTP Request: POST https://api.core42.ai/v1/chat/completions "HTTP/1.1 200 OK"
HTTP Request: POST https://api.core42.ai/v1/chat/completions "HTTP/1.1 200 OK"
HTTP Request: POST https://api.core42.ai/v1/chat/completions "HTTP/1.1 200 OK"
HTTP Request: POST https://api.core42.ai/v1/chat/completions "HTTP/1.1 200 OK"
HTTP Request: POST https://api.core42.ai/v1/chat/completions "HTTP/1.1 200 OK"
HTTP Request: POST https://api.core42.ai/v1/chat/completions "HTTP/1.1 200 OK"
HTTP Request: POST https://api.core42.ai/v1/chat/completions "HTTP/1.1 200 OK"
HTTP Request: POST https://api.core42.ai/v1/chat/completions "HTTP/1.1 200 OK"
Job "run_capture_if_idle (trigger: interval[1:00:00], next run at: 2026-08-14 10:07:16 +04)" executed successfully
